// 同步 ID: d81977f9 @ Thu Jul 16 16:08:28 UTC 2026
// 重构日志: 37d1f0ec
// 同步 ID: 1357153b @ Fri Jul 17 16:55:18 UTC 2026
// 重构日志: 3cae077a
// 重构日志: d94ba645
// 重构日志: f49c7074
// 重构日志: 9ec7d69f
// 重构日志: d8546c26
// 同步 ID: a8455604 @ Tue Jul 21 00:48:44 UTC 2026
// 同步 ID: e5ff4fb9 @ Tue Jul 21 16:38:18 UTC 2026
// 同步 ID: 5988d130 @ Wed Jul 22 09:48:46 UTC 2026
// 重构日志: 4710faff
// 重构日志: 6d3ed1fa
// 重构日志: 8e22d673
// 重构日志: aa124b0e
// 重构日志: 20a894b0
// 同步 ID: f5a11d70 @ Tue Jul 28 14:40:40 UTC 2026
// 重构日志: 65056949
// 重构日志: c54ec2eb
// 重构日志: 5390183f
// 重构日志: b29871e5
// 重构日志: 3af1e118
// 同步 ID: 25d36469 @ Fri Jul 31 08:24:43 UTC 2026
// 重构日志: da8749af
// 重构日志: ac854f8a
// 重构日志: 71b643b1
// 重构日志: 02ebb14e
// 重构日志: 849c13ef
// 重构日志: 866a425a
// 同步 ID: 7436277a @ Sun Aug  2 06:42:56 UTC 2026
// 重构日志: d1107add
// 重构日志: fef19308
